WARNING: A terminally deprecated method in sun.misc.Unsafe has been called
WARNING: sun.misc.Unsafe::staticFieldBase has been called by com.google.inject.internal.aop.HiddenClassDefiner (file:/usr/share/maven/lib/guice-5.1.0-classes.jar)
WARNING: Please consider reporting this to the maintainers of class com.google.inject.internal.aop.HiddenClassDefiner
WARNING: sun.misc.Unsafe::staticFieldBase will be removed in a future release
[INFO] Scanning for projects...
[INFO] 
[INFO] ------------------------< com.company:project >-------------------------
[INFO] Building Gym Backend 0.0.1-SNAPSHOT
[INFO]   from pom.xml
[INFO] --------------------------------[ jar ]---------------------------------
[INFO] 
[INFO] >>> spring-boot:3.2.4:run (default-cli) > test-compile @ project >>>
[INFO] 
[INFO] --- resources:3.3.1:resources (default-resources) @ project ---
[INFO] Copying 3 resources from src/main/resources to target/classes
[INFO] Copying 34 resources from src/main/resources to target/classes
[INFO] 
[INFO] --- compiler:3.11.0:compile (default-compile) @ project ---
[INFO] Changes detected - recompiling the module! :source
[INFO] Compiling 815 source files with javac [debug release 17] to target/classes
[INFO] 
[INFO] --- resources:3.3.1:testResources (default-testResources) @ project ---
[INFO] Copying 1 resource from src/test/resources to target/test-classes
[INFO] 
[INFO] --- compiler:3.11.0:testCompile (default-testCompile) @ project ---
[INFO] Changes detected - recompiling the module! :dependency
[INFO] Compiling 15 source files with javac [debug release 17] to target/test-classes
[INFO] /home/anandusujakumari389/Projects/gym/Gym-backend/src/test/java/com/company/project/services/mobile/performance/MobileStaffPerformanceServiceTest.java: Some input files use unchecked or unsafe operations.
[INFO] /home/anandusujakumari389/Projects/gym/Gym-backend/src/test/java/com/company/project/services/mobile/performance/MobileStaffPerformanceServiceTest.java: Recompile with -Xlint:unchecked for details.
[INFO] 
[INFO] <<< spring-boot:3.2.4:run (default-cli) < test-compile @ project <<<
[INFO] 
[INFO] 
[INFO] --- spring-boot:3.2.4:run (default-cli) @ project ---
[INFO] Attaching agents: []

  .   ____          _            __ _ _
 /\\ / ___'_ __ _ _(_)_ __  __ _ \ \ \ \
( ( )\___ | '_ | '_| | '_ \/ _` | \ \ \ \
 \\/  ___)| |_)| | | | | || (_| |  ) ) ) )
  '  |____| .__|_| |_|_| |_\__, | / / / /
 =========|_|==============|___/=/_/_/_/
 :: Spring Boot ::                (v3.2.4)

2026-09-07T11:45:07.378Z  INFO 18637 --- [gym-backend] [           main] com.company.project.GymApplication       : Starting GymApplication using Java 25.0.4 with PID 18637 (/home/anandusujakumari389/Projects/gym/Gym-backend/target/classes started by anandusujakumari389 in /home/anandusujakumari389/Projects/gym/Gym-backend)
2026-09-07T11:45:07.380Z  INFO 18637 --- [gym-backend] [           main] com.company.project.GymApplication       : The following 1 profile is active: "local"
2026-09-07T11:45:07.819Z  INFO 18637 --- [gym-backend] [           main] .s.d.r.c.RepositoryConfigurationDelegate : Bootstrapping Spring Data JPA repositories in DEFAULT mode.
2026-09-07T11:45:07.918Z  INFO 18637 --- [gym-backend] [           main] .s.d.r.c.RepositoryConfigurationDelegate : Finished Spring Data repository scanning in 93 ms. Found 112 JPA repository interfaces.
2026-09-07T11:45:07.918Z  INFO 18637 --- [gym-backend] [           main] .s.d.r.c.RepositoryConfigurationDelegate : Bootstrapping Spring Data JPA repositories in DEFAULT mode.
2026-09-07T11:45:07.924Z  INFO 18637 --- [gym-backend] [           main] .s.d.r.c.RepositoryConfigurationDelegate : Finished Spring Data repository scanning in 5 ms. Found 7 JPA repository interfaces.
WARNING: A restricted method in java.lang.System has been called
WARNING: java.lang.System::load has been called by org.apache.tomcat.jni.Library in an unnamed module (file:/home/anandusujakumari389/.m2/repository/org/apache/tomcat/embed/tomcat-embed-core/10.1.19/tomcat-embed-core-10.1.19.jar)
WARNING: Use --enable-native-access=ALL-UNNAMED to avoid a warning for callers in this module
WARNING: Restricted methods will be blocked in a future release unless native access is enabled

2026-09-07T11:45:08.770Z  INFO 18637 --- [gym-backend] [           main] o.s.b.w.embedded.tomcat.TomcatWebServer  : Tomcat initialized with port 8080 (http)
2026-09-07T11:45:08.781Z  INFO 18637 --- [gym-backend] [           main] o.apache.catalina.core.StandardService   : Starting service [Tomcat]
2026-09-07T11:45:08.781Z  INFO 18637 --- [gym-backend] [           main] o.apache.catalina.core.StandardEngine    : Starting Servlet engine: [Apache Tomcat/10.1.19]
2026-09-07T11:45:08.821Z  INFO 18637 --- [gym-backend] [           main] o.a.c.c.C.[Tomcat].[localhost].[/]       : Initializing Spring embedded WebApplicationContext
2026-09-07T11:45:08.822Z  INFO 18637 --- [gym-backend] [           main] w.s.c.ServletWebServerApplicationContext : Root WebApplicationContext: initialization completed in 1408 ms
2026-09-07T11:45:08.887Z  INFO 18637 --- [gym-backend] [           main] com.zaxxer.hikari.HikariDataSource       : HikariPool-1 - Starting...
2026-09-07T11:45:08.990Z  INFO 18637 --- [gym-backend] [           main] com.zaxxer.hikari.pool.HikariPool        : HikariPool-1 - Added connection org.postgresql.jdbc.PgConnection@216f01
2026-09-07T11:45:08.991Z  INFO 18637 --- [gym-backend] [           main] com.zaxxer.hikari.HikariDataSource       : HikariPool-1 - Start completed.
2026-09-07T11:45:09.045Z  INFO 18637 --- [gym-backend] [           main] com.zaxxer.hikari.HikariDataSource       : HikariPool-2 - Starting...
2026-09-07T11:45:09.058Z  INFO 18637 --- [gym-backend] [           main] com.zaxxer.hikari.pool.HikariPool        : HikariPool-2 - Added connection org.postgresql.jdbc.PgConnection@52c46334
2026-09-07T11:45:09.058Z  INFO 18637 --- [gym-backend] [           main] com.zaxxer.hikari.HikariDataSource       : HikariPool-2 - Start completed.
2026-09-07T11:45:09.063Z  INFO 18637 --- [gym-backend] [           main] o.f.c.internal.license.VersionPrinter    : Flyway Community Edition 9.22.3 by Redgate
2026-09-07T11:45:09.063Z  INFO 18637 --- [gym-backend] [           main] o.f.c.internal.license.VersionPrinter    : See release notes here: https://rd.gt/416ObMi
2026-09-07T11:45:09.064Z  INFO 18637 --- [gym-backend] [           main] o.f.c.internal.license.VersionPrinter    : 
2026-09-07T11:45:09.071Z  INFO 18637 --- [gym-backend] [           main] org.flywaydb.core.FlywayExecutor         : Database: jdbc:postgresql://localhost:5432/gymbios_control (PostgreSQL 18.4)
2026-09-07T11:45:09.074Z  WARN 18637 --- [gym-backend] [           main] o.f.c.internal.database.base.Database    : Flyway upgrade recommended: PostgreSQL 18.4 is newer than this version of Flyway and support has not been tested. The latest supported version of PostgreSQL is 15.
2026-09-07T11:45:09.091Z  INFO 18637 --- [gym-backend] [           main] o.f.core.internal.command.DbValidate     : Successfully validated 3 migrations (execution time 00:00.011s)
2026-09-07T11:45:09.110Z  INFO 18637 --- [gym-backend] [           main] o.f.core.internal.command.DbMigrate      : Current version of schema "public": 3
2026-09-07T11:45:09.112Z  INFO 18637 --- [gym-backend] [           main] o.f.core.internal.command.DbMigrate      : Schema "public" is up to date. No migration necessary.
2026-09-07T11:45:09.187Z  INFO 18637 --- [gym-backend] [           main] o.hibernate.jpa.internal.util.LogHelper  : HHH000204: Processing PersistenceUnitInfo [name: default]
2026-09-07T11:45:09.230Z  INFO 18637 --- [gym-backend] [           main] org.hibernate.Version                    : HHH000412: Hibernate ORM core version 6.4.4.Final
2026-09-07T11:45:09.252Z  INFO 18637 --- [gym-backend] [           main] o.h.c.internal.RegionFactoryInitiator    : HHH000026: Second-level cache disabled
